INFO:     Will watch for changes in these directories: ['/Users/hp/Desktop/ticket-autm']
INFO:     Uvicorn running on http://127.0.0.1:8000 (Press CTRL+C to quit)
INFO:     Started reloader process [60963] using StatReload
INFO:     Started server process [60965]
INFO:     Waiting for application startup.
INFO:     Application startup complete.
DEBUG -> action: 07/03/2026 11:31:53 AM
DEBUG -> action parts: ['07/03/2026', '11:31:53', 'AM']
DEBUG -> get_assigned_by raw matches: (.*?)\s*\nField changes.*?\nAssigned to
DEBUG -> get_assigned_by split matches: ['All activities are displayed', 'Requested Item', 'RITM3893425', 'Manage Attachments (', '2', '):', 'Attached by 30079696 on 07/03/2026 10:51:44 AM', 'Screenshot 2026-03-07 105128.jpg', '[rename]', '[view]', 'Attached by 30111691 on 07/03/2026 11:31:01 AM', 'CLMS(KRONOS) Enhancements 6.7z', '[rename]', '[view]', 'Waiting for Approval', 'New', 'In Progress', 'On Hold', 'Resolved', 'Closed Complete', 'Closed Incomplete', 'Number', 'RITM3893425', 'Active', '', 'Item', 'New Request For CLMS-KRONOS', 'Request', 'REQ3884063', 'Requested for', 'Kalyan Venkatesh Kaipa', 'Opened by', 'Kalyan Venkatesh Kaipa', 'Opened', '07/03/2026 10:51:57 AM', 'Location', 'SB Gani AP350', 'Configuration item', 'Schedule', 'Adani Mon-Sat 9:30AM-6:30PM', 'Actual Requester', 'Reason for Violation', '', '-- None --', 'Approvers', 'Unlock Approvers, Selected:', 'Created', '07/03/2026 10:51:57 AM', 'Category', 'CLMS-KRONOS', 'Subcategory', 'L1 - Transaction - Entry pass cancellation', 'Stage', '', 'Request Review', 'State', '', 'In Progress', 'Business Unit', 'Global Capability Centre', 'Department', '', 'IT', 'Approval', '', 'Not Yet Requested', 'Priority', '', '4 - Low', 'Assignment group', 'V-AMS-KRONOS-ADANI', 'Assigned to', 'Harsh .', 'Ext Refrence Number', 'Quantity', '1', 'Wipro SLA start', 'Call back preference time', '', '-- None --', 'Call back preference day', 'Unlock Call back preference day, Selected:', 'Child', 'Short description', 'CLMS-KRONOS', 'Variables', 'Contains unpopulated mandatory fields', 'Notes', 'Contains unpopulated mandatory fieldsContains unpopulated mandatory fieldsContains unpopulated mandatory fields', 'Watch list', 'Unlock Watch list, Selected:', 'Work notes list', 'Unlock Work notes list, Selected:', 'Work notes', 'Work notes', '', 'Activities: 25', 'KK', 'Kalyan Venkatesh Kaipa', 'Additional comments•07/03/2026 06:13:04 PM', 'Dear Team, Please note that EP has already Cancelled refer attached screenshot still the EP is showing in Kronos Power BI Report request you to check and update', 'System', 'Email sent•07/03/2026 06:12:02 PM', 'Email sent', 'Subject:Request RITM3893425 state changes', 'From:Myasp', 'To:KalyanVenkatesh.Kaipa@adani.com', 'Show email details', 'System', 'Email sent•07/03/2026 06:12:01 PM', 'Email sent', 'Subject:Request REQ3884063 Changes to In-Progress from Resolved', 'From:Myasp', 'To:Harsh.1@adani.com', 'Show email details', 'KK', 'Kalyan Venkatesh Kaipa', 'Additional comments•07/03/2026 06:11:59 PM', 'Reopened', 'KK', 'Kalyan Venkatesh Kaipa']
DEBUG -> assigned_by: Kalyan Venkatesh Kaipa
INFO:     127.0.0.1:61418 - "POST /process HTTP/1.1" 200 OK
WARNING:  StatReload detected changes in 'main.py'. Reloading...
INFO:     Shutting down
INFO:     Waiting for application shutdown.
INFO:     Application shutdown complete.
INFO:     Finished server process [60965]
INFO:     Started server process [61031]
INFO:     Waiting for application startup.
INFO:     Application startup complete.
WARNING:  StatReload detected changes in 'main.py'. Reloading...
INFO:     Shutting down
INFO:     Waiting for application shutdown.
INFO:     Application shutdown complete.
INFO:     Finished server process [61031]
INFO:     Started server process [61036]
INFO:     Waiting for application startup.
INFO:     Application startup complete.
WARNING:  StatReload detected changes in 'main.py'. Reloading...
INFO:     Shutting down
INFO:     Waiting for application shutdown.
INFO:     Application shutdown complete.
INFO:     Finished server process [61036]
INFO:     Started server process [61037]
INFO:     Waiting for application startup.
INFO:     Application startup complete.
DEBUG -> action: 07/03/2026 11:31:53 AM
DEBUG -> action parts: ['07/03/2026', '11:31:53', 'AM']
DEBUG -> get_assigned_by raw matches: (.*?)\s*\nField changes.*?\nAssigned to
DEBUG -> get_assigned_by split matches: ['All activities are displayed', 'Requested Item', 'RITM3893425', 'Manage Attachments (', '2', '):', 'Attached by 30079696 on 07/03/2026 10:51:44 AM', 'Screenshot 2026-03-07 105128.jpg', '[rename]', '[view]', 'Attached by 30111691 on 07/03/2026 11:31:01 AM', 'CLMS(KRONOS) Enhancements 6.7z', '[rename]', '[view]', 'Waiting for Approval', 'New', 'In Progress', 'On Hold', 'Resolved', 'Closed Complete', 'Closed Incomplete', 'Number', 'RITM3893425', 'Active', '', 'Item', 'New Request For CLMS-KRONOS', 'Request', 'REQ3884063', 'Requested for', 'Kalyan Venkatesh Kaipa', 'Opened by', 'Kalyan Venkatesh Kaipa', 'Opened', '07/03/2026 10:51:57 AM', 'Location', 'SB Gani AP350', 'Configuration item', 'Schedule', 'Adani Mon-Sat 9:30AM-6:30PM', 'Actual Requester', 'Reason for Violation', '', '-- None --', 'Approvers', 'Unlock Approvers, Selected:', 'Created', '07/03/2026 10:51:57 AM', 'Category', 'CLMS-KRONOS', 'Subcategory', 'L1 - Transaction - Entry pass cancellation', 'Stage', '', 'Request Review', 'State', '', 'In Progress', 'Business Unit', 'Global Capability Centre', 'Department', '', 'IT', 'Approval', '', 'Not Yet Requested', 'Priority', '', '4 - Low', 'Assignment group', 'V-AMS-KRONOS-ADANI', 'Assigned to', 'Harsh .', 'Ext Refrence Number', 'Quantity', '1', 'Wipro SLA start', 'Call back preference time', '', '-- None --', 'Call back preference day', 'Unlock Call back preference day, Selected:', 'Child', 'Short description', 'CLMS-KRONOS', 'Variables', 'Contains unpopulated mandatory fields', 'Notes', 'Contains unpopulated mandatory fieldsContains unpopulated mandatory fieldsContains unpopulated mandatory fields', 'Watch list', 'Unlock Watch list, Selected:', 'Work notes list', 'Unlock Work notes list, Selected:', 'Work notes', 'Work notes', '', 'Activities: 25', 'KK', 'Kalyan Venkatesh Kaipa', 'Additional comments•07/03/2026 06:13:04 PM', 'Dear Team, Please note that EP has already Cancelled refer attached screenshot still the EP is showing in Kronos Power BI Report request you to check and update', 'System', 'Email sent•07/03/2026 06:12:02 PM', 'Email sent', 'Subject:Request RITM3893425 state changes', 'From:Myasp', 'To:KalyanVenkatesh.Kaipa@adani.com', 'Show email details', 'System', 'Email sent•07/03/2026 06:12:01 PM', 'Email sent', 'Subject:Request REQ3884063 Changes to In-Progress from Resolved', 'From:Myasp', 'To:Harsh.1@adani.com', 'Show email details', 'KK', 'Kalyan Venkatesh Kaipa', 'Additional comments•07/03/2026 06:11:59 PM', 'Reopened', 'KK', 'Kalyan Venkatesh Kaipa']
DEBUG -> assigned_by: Kalyan Venkatesh Kaipa
DEBUG -> parsed ticket: {'Ticket Date': '07/03/2026', 'Ticket Time': '10:51:57 AM', 'Ticket Number': 'RITM3893425', 'Business Type': 'Global Capability Centre', 'Sub Category': 'L1 - Transaction - Entry pass cancellation', 'Ticket processed date': '07/03/2026', 'Action time': '11:31:53 AM', 'Forwarded to Dot1 or MDM': 'MDM', 'Assigned to': 'Harsh', 'Assigned by': 'Kalyan Venkatesh Kaipa', 'Query related to': 'EP cancellation', 'Ticket Bucket Group': 'L1'}
INFO:     127.0.0.1:62954 - "POST /process HTTP/1.1" 200 OK
WARNING:  StatReload detected changes in 'main.py'. Reloading...
INFO:     Shutting down
INFO:     Waiting for application shutdown.
INFO:     Application shutdown complete.
INFO:     Finished server process [61037]
INFO:     Started server process [61235]
INFO:     Waiting for application startup.
INFO:     Application startup complete.
WARNING:  StatReload detected changes in 'parser.py'. Reloading...
INFO:     Shutting down
INFO:     Waiting for application shutdown.
INFO:     Application shutdown complete.
INFO:     Finished server process [61235]
INFO:     Started server process [61247]
INFO:     Waiting for application startup.
INFO:     Application startup complete.
WARNING:  StatReload detected changes in 'parser.py'. Reloading...
INFO:     Shutting down
INFO:     Waiting for application shutdown.
INFO:     Application shutdown complete.
INFO:     Finished server process [61247]
INFO:     Started server process [61249]
INFO:     Waiting for application startup.
INFO:     Application startup complete.
WARNING:  StatReload detected changes in 'parser.py'. Reloading...
INFO:     Shutting down
INFO:     Waiting for application shutdown.
INFO:     Application shutdown complete.
INFO:     Finished server process [61249]
Process SpawnProcess-8:
Traceback (most recent call last):
  File "/Library/Frameworks/Python.framework/Versions/3.11/lib/python3.11/multiprocessing/process.py", line 314, in _bootstrap
    self.run()
  File "/Library/Frameworks/Python.framework/Versions/3.11/lib/python3.11/multiprocessing/process.py", line 108, in run
    self._target(*self._args, **self._kwargs)
  File "/Library/Frameworks/Python.framework/Versions/3.11/lib/python3.11/site-packages/uvicorn/_subprocess.py", line 80, in subprocess_started
    target(sockets=sockets)
  File "/Library/Frameworks/Python.framework/Versions/3.11/lib/python3.11/site-packages/uvicorn/server.py", line 75, in run
    return asyncio_run(self.serve(sockets=sockets), loop_factory=self.config.get_loop_factory())
           ^^^^^^^^^^^^^^^^^^^^^^^^^^^^^^^^^^^^^^^^^^^^^^^^^^^^^^^^^^^^^^^^^^^^^^^^^^^^^^^^^^^^^
  File "/Library/Frameworks/Python.framework/Versions/3.11/lib/python3.11/site-packages/uvicorn/_compat.py", line 30, in asyncio_run
    return runner.run(main)
           ^^^^^^^^^^^^^^^^
  File "/Library/Frameworks/Python.framework/Versions/3.11/lib/python3.11/asyncio/runners.py", line 118, in run
    return self._loop.run_until_complete(task)
           ^^^^^^^^^^^^^^^^^^^^^^^^^^^^^^^^^^^
  File "/Library/Frameworks/Python.framework/Versions/3.11/lib/python3.11/asyncio/base_events.py", line 653, in run_until_complete
    return future.result()
           ^^^^^^^^^^^^^^^
  File "/Library/Frameworks/Python.framework/Versions/3.11/lib/python3.11/site-packages/uvicorn/server.py", line 79, in serve
    await self._serve(sockets)
  File "/Library/Frameworks/Python.framework/Versions/3.11/lib/python3.11/site-packages/uvicorn/server.py", line 86, in _serve
    config.load()
  File "/Library/Frameworks/Python.framework/Versions/3.11/lib/python3.11/site-packages/uvicorn/config.py", line 441, in load
    self.loaded_app = import_from_string(self.app)
                      ^^^^^^^^^^^^^^^^^^^^^^^^^^^^
  File "/Library/Frameworks/Python.framework/Versions/3.11/lib/python3.11/site-packages/uvicorn/importer.py", line 19, in import_from_string
    module = importlib.import_module(module_str)
             ^^^^^^^^^^^^^^^^^^^^^^^^^^^^^^^^^^^
  File "/Library/Frameworks/Python.framework/Versions/3.11/lib/python3.11/importlib/__init__.py", line 126, in import_module
    return _bootstrap._gcd_import(name[level:], package, level)
           ^^^^^^^^^^^^^^^^^^^^^^^^^^^^^^^^^^^^^^^^^^^^^^^^^^^^
  File "<frozen importlib._bootstrap>", line 1204, in _gcd_import
  File "<frozen importlib._bootstrap>", line 1176, in _find_and_load
  File "<frozen importlib._bootstrap>", line 1147, in _find_and_load_unlocked
  File "<frozen importlib._bootstrap>", line 690, in _load_unlocked
  File "<frozen importlib._bootstrap_external>", line 940, in exec_module
  File "<frozen importlib._bootstrap>", line 241, in _call_with_frames_removed
  File "/Users/hp/Desktop/ticket-autm/main.py", line 6, in <module>
    from parser import parse_ticket
  File "/Users/hp/Desktop/ticket-autm/parser.py", line 63
    print("DEBUG -> detect_category input:", ticket_text)   
    ^^^^^
IndentationError: expected an indented block after function definition on line 61
WARNING:  StatReload detected changes in 'parser.py'. Reloading...
INFO:     Started server process [61259]
INFO:     Waiting for application startup.
INFO:     Application startup complete.
INFO:     Shutting down
INFO:     Waiting for application shutdown.
INFO:     Application shutdown complete.
INFO:     Finished server process [61259]
INFO:     Stopping reloader process [60963]
